// Jest Snapshot v1, https://goo.gl/fbAQLP

exports[`waweb.app/ui/dashboard should render successfully 1`] = `
<div>
  <div>
    <div
      class="flex flex-col flex-1"
    >
      <div
        class="sticky top-0 z-10 flex flex-shrink-0 h-16 shadow"
      >
        <button
          class="px-4 text-gray-500 focus:outline-none focus:ring-2 focus:ring-inset focus:ring-teal-500"
          type="button"
        >
          <span
            class="sr-only"
          >
            Open sidebar
          </span>
          <svg
            aria-hidden="true"
            class="w-6 h-6"
            fill="none"
            stroke="currentColor"
            viewBox="0 0 24 24"
            xmlns="http://www.w3.org/2000/svg"
          >
            <path
              d="M4 6h16M4 12h16M4 18h7"
              stroke-linecap="round"
              stroke-linejoin="round"
              stroke-width="2"
            />
          </svg>
        </button>
        <div
          class="flex justify-between flex-1 px-4"
        >
          <div
            class="flex flex-1"
          >
            <div
              class="flex-1 min-w-0 md:px-8 lg:px-0 xl:col-span-6"
            >
              <div
                class="flex items-center px-6 py-4 md:max-w-3xl md:mx-auto lg:max-w-none lg:mx-0 xl:px-0"
              >
                <div
                  class="w-full"
                >
                  <label
                    class="sr-only"
                    for="search"
                  >
                    Search
                  </label>
                  <div
                    class="relative"
                  >
                    <div
                      class="absolute inset-y-0 left-0 flex items-center pl-3 pointer-events-none"
                    >
                      <svg
                        aria-hidden="true"
                        class="w-5 h-5 text-gray-400"
                        fill="none"
                        stroke="currentColor"
                        viewBox="0 0 24 24"
                        xmlns="http://www.w3.org/2000/svg"
                      >
                        <path
                          d="m21 21-6-6m2-5a7 7 0 1 1-14 0 7 7 0 0 1 14 0z"
                          stroke-linecap="round"
                          stroke-linejoin="round"
                          stroke-width="2"
                        />
                      </svg>
                    </div>
                    <input
                      class="block w-full py-2 pl-10 pr-3 text-sm placeholder-gray-500 bg-gray-900 border border-gray-700 rounded-md opacity-75 focus:opacity-100 focus:outline-none focus:text-gray-200 focus:placeholder-gray-400 focus:ring-1 focus:ring-teal-500 focus:border-teal-500"
                      id="search"
                      name="search"
                      placeholder="Search"
                      style="min-width: 120px;"
                      type="search"
                    />
                  </div>
                </div>
              </div>
            </div>
          </div>
          <div
            class="flex items-center ml-4 mr-16 md:ml-6"
          >
            <button
              class="p-1 text-gray-400 bg-white rounded-full hover:text-gray-500 focus:outline-none focus:ring-2 focus:ring-offset-2 focus:ring-teal-500"
              type="button"
            >
              <span
                class="sr-only"
              >
                View notifications
              </span>
              <svg
                aria-hidden="true"
                class="w-6 h-6"
                fill="none"
                stroke="currentColor"
                viewBox="0 0 24 24"
                xmlns="http://www.w3.org/2000/svg"
              >
                <path
                  d="M15 17h5l-1.405-1.405A2.032 2.032 0 0118 14.158V11a6.002 6.002 0 00-4-5.659V5a2 2 0 10-4 0v.341C7.67 6.165 6 8.388 6 11v3.159c0 .538-.214 1.055-.595 1.436L4 17h5m6 0v1a3 3 0 11-6 0v-1m6 0H9"
                  stroke-linecap="round"
                  stroke-linejoin="round"
                  stroke-width="2"
                />
              </svg>
            </button>
            <div
              class="relative ml-3"
              style="min-width: 32px; min-height: 32px;"
            >
              <div>
                <button
                  aria-expanded="false"
                  aria-haspopup="true"
                  class="flex items-center max-w-xs text-sm bg-white rounded-full focus:outline-none focus:ring-2 focus:ring-offset-2 focus:ring-teal-500"
                  id="headlessui-menu-button-1"
                  type="button"
                >
                  <span
                    class="sr-only"
                  >
                    Open user menu
                  </span>
                  <img
                    alt=""
                    class="w-8 h-8 rounded-full"
                    src="https://kgkcfphpovhbptsscyyj.supabase.co/storage/v1/object/sign/avatars/supabot.png?token=eyJhbGciOiJIUzI1NiIsInR5cCI6IkpXVCJ9.eyJ1cmwiOiJhdmF0YXJzL3N1cGFib3QucG5nIiwiaWF0IjoxNjQ0Mzc1NDgwLCJleHAiOjE5NTk3MzU0ODB9.4VjLwEr-iwyZ2wdxr3V0aXEY6XIzb3I42cnTfRWkXOY"
                  />
                </button>
              </div>
            </div>
          </div>
        </div>
      </div>
      <div
        class="flex-1"
      >
        <div
          class="px-4 mx-auto max-w-7xl sm:px-6 md:px-8"
        >
          <div
            class="border-2 border-gray-700 border-dashed rounded-lg h-96"
          />
        </div>
      </div>
    </div>
  </div>
</div>
`;
