// Jest Snapshot v1, https://goo.gl/fbAQLP

exports[`Index should render successfully 1`] = `
<div>
  <div
    data-overlay-container="true"
  >
    <div
      class="headingFontSize textFontSize shadowTheme primaryPalette brands headingMargins defaults regular"
    >
      <div
        class="page-container full"
      >
        <svg
          class="svg"
          fill="#151513"
          height="72"
          viewBox="0 0 250 250"
          width="72"
          xmlns="http://www.w3.org/2000/svg"
        >
          <a
            href="https://github.com/drkstr101/watheia"
            rel="noopener noreferrer"
            target="_blank"
            title="View Source"
          >
            <path
              d="M0 0l115 115h15l12 27 108 108V0z"
              fill="#fff"
            />
            <path
              class="arm"
              d="M128 109c-15-9-9-19-9-19 3-7 2-11 2-11-1-7 3-2 3-2 4 5 2 11 2 11-3 10 5 15 9 16"
            />
            <path
              d="M115 115s4 2 5 0l14-14c3-2 6-3 8-3-8-11-15-24 2-41 5-5 10-7 16-7 1-2 3-7 12-11 0 0 5 3 7 16 4 2 8 5 12 9s7 8 9 12c14 3 17 7 17 7-4 8-9 11-11 11 0 6-2 11-7 16-16 16-30 10-41 2 0 3-1 7-5 11l-12 11c-1 1 1 5 1 5z"
            />
          </a>
        </svg>
        <div
          class="backdrop"
        >
          <header
            class="header"
          >
            <div
              class="header-logos"
            >
              <button
                aria-label="Mobile Menu"
                class="button"
                type="button"
              >
                <svg
                  class="icon"
                  fill="none"
                  height="24"
                  shape-rendering="geometricPrecision"
                  stroke="currentColor"
                  stroke-linecap="round"
                  stroke-linejoin="round"
                  stroke-width="1.5"
                  viewBox="0 0 24 24"
                  width="24"
                >
                  <path
                    d="M3 12h18"
                  />
                  <path
                    d="M3 6h18"
                  />
                  <path
                    d="M3 18h18"
                  />
                </svg>
              </button>
              <a
                class="logo"
                href="/"
              >
                <svg
                  height="100%"
                  viewBox="0 0 300 106"
                  xmlns="http://www.w3.org/2000/svg"
                  xmlns:xlink="http://www.w3.org/1999/xlink"
                >
                  <defs>
                    <lineargradient
                      gradientTransform="translate(0 -352)"
                      gradientUnits="userSpaceOnUse"
                      id="linear-gradient"
                      x1="182.48"
                      x2="185.45"
                      y1="435.86"
                      y2="430.63"
                    >
                      <stop
                        offset="0"
                        stop-color="#00a995"
                      />
                      <stop
                        offset="0.5"
                        stop-color="#006eb9"
                      />
                      <stop
                        offset="1"
                        stop-color="#00aa4f"
                      />
                    </lineargradient>
                    <lineargradient
                      id="linear-gradient-2"
                      x1="160.89"
                      x2="166.4"
                      xlink:href="#linear-gradient"
                      y1="436.23"
                      y2="433.5"
                    />
                    <lineargradient
                      id="linear-gradient-3"
                      x1="165.1"
                      x2="170.18"
                      xlink:href="#linear-gradient"
                      y1="437.83"
                      y2="436.63"
                    />
                    <lineargradient
                      id="linear-gradient-4"
                      x1="177.41"
                      x2="181.41"
                      xlink:href="#linear-gradient"
                      y1="438.1"
                      y2="434.82"
                    />
                    <lineargradient
                      id="linear-gradient-5"
                      x1="171.77"
                      x2="175.39"
                      xlink:href="#linear-gradient"
                      y1="436.99"
                      y2="438.03"
                    />
                    <filter
                      color-interpolation-filters="sRGB"
                      filterUnits="userSpaceOnUse"
                      id="luminosity-invert"
                    >
                      <fecolormatrix
                        values="-1 0 0 0 1 0 -1 0 0 1 0 0 -1 0 1 0 0 0 1 0"
                      />
                    </filter>
                    <style>
                      .cls-2{fill:#fafbfb}
                    </style>
                    <mask
                      height="39"
                      id="mask"
                      maskUnits="userSpaceOnUse"
                      width="39"
                      x="64.23"
                      y="18.77"
                    >
                      <image
                        height="39"
                        style="filter: url(#luminosity-invert);"
                        transform="translate(64.23 18.77)"
                        width="39"
                        xlink:href="data:image/png;base64,iVBORw0KGgoAAAANSUhEUgAAACcAAAAnCAYAAACMo1E1AAAACXBIWXMAAAsSAAALEgHS3X78AAAHSklEQVRYR82Y227T2haGP8dx7DgHN8embUgPFNqStqIHUUBC3HHBU+1HWc/CTaGAkKqqCFEobWnVkHNzchI73hfIUzlS1pLW3vySFUVzzOnfY445xj+mBDj8ofDcZvD/xB9NznubQT9WVlaYnp7G7/ejKAqSJOE4DrZtY5om+Xyeo6Oj25b5bUj8Rsytrq4yPz/P0tISyWSSYDCIqqrIsozjOFiWRaPRoFAocH5+ztnZGe/evQNgc3OTeDyOz+cDwLZt2u02rVaLSqVCoVCgXC6Pfe+tntva2mJ7e5ulpSXS6TSxWIxQKISqqng8P6PCsixM06RarVIsFrm+vubx48cARCIRgsEgXq8Xx3Fot9vU63UKhQJXV1dIkvTPyO3u7rK3t0c2m2V+fp5UKsXU1BS6ruPz+fB4PDiOQ6/Xo9Pp0Gw2aTQa1Go1ms0mtm3j8/lECFiWRbPZpFwuc3V1heM45HK5ie+fSG53d5enT5+ysbHB/fv3mZmZIRqNEggEBLF+9Ho9LMui0+nQ6XSwLAvHcZAkScRmt9ulXq+Tz+eRJIlSqUQgEJjAYAK57e1t9vb22NzcZGVlhXQ6TTweR9f1EVIuPB4PPp9PxNYwXHK6rgNQq9VEeEzCCLkHDx6wtbVFNpvl3r17ZDIZEokEfr9/wM5xHOEl27aRZRlFUVAUBVmWh5dFkiR8Ph+SJNFqtQgEAmiahtc7ObJGRjKZDHfv3mVhYYHZ2Vmi0egIsU6nQ71ep1wuU6vVME0TVVXRdZ1wOEwoFJroZUVRUFUVVVXx+XxjP8TFALnV1VWWl5eZn59ndnaWWCw2EhOdTodSqcS3b984Pz/n+vqaQqHA1NQUsViMZDJJJpMhnU5jGAbj4HpZluWJYQJD5GZmZkilUiQSCSKRCIFAAEmSxLht21SrVb5+/crh4SFv377l5OSEV69e8ejRIzKZDHNzczx79gyfz4emaWNjSpIkPB4PHo9nYP1hDJALhUJEIhEMwxCnsh+tVot8Ps+XL1948+YNf/31lxg7ODjg4OAAAFVVSSQSRKPRieTc51cY8GkoFMIwDEKhEJqmDRg6jkOz2aRQKHBxccGnT5+YhEKhQKVSodVqYdv2RLvbCApy6+vrpNNppqamCAaDI15zS1SxWOT09JT9/f2RxVy45anT6dDr9cba3OY16COXTCaJRCIi9wwfccuyaLVa3NzccHNzM7JQP2zbxrIsLMsaS+53iEEfOU3T0HUdVVVFuelHt9vFNE1ubm6oVCojC/Wj1+th2za9Xg/HuVVXTIQg159Exx1vy7Ko1+uUSiWKxeLIeD8cxxl4/ikEC/dYTzrebnGv1+u8f/9+ZPzfwIiLJn2tJEn4/X4ikQjb29sj48O27u+k+LrtpEIfOTdObNseS87r9eL3+zEMg+np6ZHxfvxqB4bxqwohRizLotvtikI+DK/Xi6ZpBAIBoSwmwePx4PV6RRUYxt9Ows1mUxTxcflJURQ0TSMYDN5KTlEUITJ/Re4274qZ+XyearVKvV7HNE0syxow9Hq96LqOYRhEIpGRhfrhKhNN08aqDo/HgyzL4pkEQe74+JjLy0tKpRL1ep12uz1o6PGg6zqpVIq1tTVevnw5shjAixcvyGazJBIJdF0f6xl3213vTsJAGSgWixSLRarVKs1mE13XB74sEAiQTCZZX1/Hsizi8TifP39mf3+fJ0+esLy8zM7ODmtra6RSqYnbL8uy0H+hUAj4GQrdbnfQDviP+ycQCJBIJIjFYoTDYfx+/0CN7Zfi4XCYZDLJ4uIiu7u77OzsCGKLi4sD7eAwJEkS/YRpmvh8Prrd7kgXNkAul8uRSCRIJpMYhjHQn4oJsozf7ycQCBCNRpmZmRE9bSaTEep5WNX0Q5Ik0Qy5IqFcLvP9+/cBuxGZfnZ2xunpKclkknA4jKIoGIYxIAQURSEajRIKhWi322I73Dia5LF+yLKMpmmEw2Gh/UZs6PMc/PReNBrFMAw0TUNRFLxeL16vd8CDkiSJ2HFt4Gcyd73RarUE8f604TbXpmmKPrdarVKr1Qa2dmzrc3Z2xsePH1EURbR08XicYDAoOiZJkgYaatM0MU2TZrOJaZrUajVs2yYUChEMBoUUk2WZXq8n7Hu9ngiV4Z5jLLmjoyPxpZ1Oh0ajQaVSEQ2Pm7/cS5xWqyVsyuUyP378oFAo0Gw2SaVSzM7OEo/HCYfDqKoqDoSrDV2Sw2lnYtN4eHiIbdvkcjlyuRxzc3OkUikikQi6rguvugq5VCoJ29PTUy4vL3n9+jXPnz/n4cOHzM3NkUgkMAwDRVHo9XriaqJf1vfjt26ZNjY2uHPnDktLSyK5usnTlVH5fJ6LiwsuLy/58OHDwPz19XXu3LnDwsICsVgMVVVFU16r1URfcnJywtXVlZj3W+RcZLNZYrEYfr9/YFsbjQblcpnj4+Nfzl9dXSUWi4k0416H1Wo1SqXSADH4m+T+1/ijr13/aHL/BZ4tUJa+fLOPAAAAAElFTkSuQmCC"
                      />
                    </mask>
                  </defs>
                  <g
                    style="isolation: isolate;"
                  >
                    <g
                      id="logo"
                    >
                      <path
                        class="cls-2"
                        d="M10 4.58h22.45l-.86 3.84c-1.69.24-4.53.62-6.37.7.31 6.36 1.77 23.53 2.08 31.35 3.08-6.22 13-26.75 16.72-34.88h4.91c.38 3.22 4.29 29.9 4.91 35.05C56 35.9 66 14.19 68 9.19c-1.66-.19-6-.53-7.48-.77l.93-3.84H79.1l-1 3.82c-1.9.31-3.22.52-4.84.76-3.08 6.08-18.18 37.06-22.19 45.74h-5.81c-.53-5.6-3.77-27.37-4.53-33.81L24.46 54.9h-5.58c-.52-6.06-3.88-39.25-4.67-45.78-.79-.08-3.39-.46-5.15-.7Z"
                      />
                      <path
                        d="M67.31 38.21c-.09-13.19 12.12-20.72 20.37-12h.52l.7-2.86H96v20.51c0 2.41.77 2.79 2.2 2.43l1.07 6.89c-3.91 1.67-9.9.67-11.26-3.14h-.23c-8.47 8.77-21.18 1.9-20.47-11.83Zm19.15 5.72v-12c-4.65-3.55-9.8-1.95-9.77 6.3 0 5.77 2 8.18 5.15 8.18a5.26 5.26 0 0 0 4.62-2.46Z"
                        style="fill: #9be5e5;"
                      />
                      <path
                        d="M67.31 38.21c-.09-13.19 12.12-20.72 20.37-12h.52l.7-2.86H96v20.51c0 2.41.77 2.79 2.2 2.43l1.07 6.89c-3.91 1.67-9.9.67-11.26-3.14h-.23c-8.47 8.77-21.18 1.9-20.47-11.83Zm19.15 5.72v-12c-4.65-3.55-9.8-1.95-9.77 6.3 0 5.77 2 8.18 5.15 8.18a5.26 5.26 0 0 0 4.62-2.46Z"
                        style="stroke: #1a1718; fill: none; stroke-miterlimit: 10; stroke-width: 2;"
                      />
                      <g
                        style="mask: url(#mask);"
                      >
                        <g
                          style="mix-blend-mode: screen; opacity: 0.85;"
                        >
                          <path
                            d="M67.31 38.21c-.09-13.19 12.12-20.72 20.37-12h.52l.7-2.86H96v20.51c0 2.41.77 2.79 2.2 2.43l1.07 6.89c-3.91 1.67-9.9.67-11.26-3.14h-.23c-8.47 8.77-21.18 1.9-20.47-11.83Zm19.15 5.72v-12c-4.65-3.55-9.8-1.95-9.77 6.3 0 5.77 2 8.18 5.15 8.18a5.26 5.26 0 0 0 4.62-2.46Z"
                            style="fill: #fff;"
                          />
                          <path
                            d="M67.31 38.21c-.09-13.19 12.12-20.72 20.37-12h.52l.7-2.86H96v20.51c0 2.41.77 2.79 2.2 2.43l1.07 6.89c-3.91 1.67-9.9.67-11.26-3.14h-.23c-8.47 8.77-21.18 1.9-20.47-11.83Zm19.15 5.72v-12c-4.65-3.55-9.8-1.95-9.77 6.3 0 5.77 2 8.18 5.15 8.18a5.26 5.26 0 0 0 4.62-2.46Z"
                            style="stroke: #fff; fill: none; stroke-miterlimit: 10; stroke-width: 2;"
                          />
                        </g>
                      </g>
                      <path
                        class="cls-2"
                        d="M106 11.19H90.37c-.38 0-.52-.24-.45-.62l1-7.13c.07-.45.24-.62.69-.62h38.11c.46 0 .69.14.77.69l.69 7c.07.45-.15.69-.53.69h-15.5v41.34c0 .45-.24.69-.62.69h-7.89c-.53.07-.69-.14-.69-.69ZM168.21 53.23c-.45 0-.62-.14-.62-.62V31.22H146.2v21.32c0 .45-.17.69-.62.69h-7.89c-.53 0-.69-.24-.69-.69v-49c0-.53.14-.7.62-.7h8c.46 0 .62.15.62.62v19.42h21.4V3.37a.5.5 0 0 1 .4-.55h8.35c.38 0 .52.14.52.52v49.25c0 .45-.14.62-.62.62h-8.06ZM220.13 52.61c-.07.53-.24.62-.69.62h-30.53c-.52 0-.69-.24-.69-.62V3.46c0-.38.14-.62.62-.62h29.59c.46 0 .62.08.7.53l.87 7.13c.07.38-.07.69-.52.69H197.5v12.19h19.93c.38 0 .53.07.53.52v7.32c0 .38-.24.45-.53.45H197.5v13.19h23.22c.46 0 .62.24.53.62ZM237.85 52.54c0 .55-.17.69-.62.69h-8c-.45 0-.62-.24-.62-.69V3.46c0-.52.24-.62.62-.62h8.06c.45 0 .62.15.62.62ZM256.85 40l-4.22 12.66a.75.75 0 0 1-.83.62h-7.66c-.45 0-.62-.24-.52-.76L259.4 7.54a11.71 11.71 0 0 0 .69-4.15c0-.31.15-.52.46-.52h10.66c.38 0 .45.07.52.45l17.72 49.24c.07.46 0 .7-.45.7h-8.59a.77.77 0 0 1-.76-.46L275.19 40Zm15.88-8.35c-1.62-5.05-5.22-15.71-6.75-21.08h-.07c-1.24 5.13-4.29 14.12-6.6 21.08Z"
                      />
                      <g
                        id="Icon"
                      >
                        <path
                          d="M168.25 77.8a5.13 5.13 0 1 1 10.26 0h9.3v-1.87a.45.45 0 0 0-.41-.45l-3.68-.48a10.47 10.47 0 0 0-1.05-2.53l2.33-2.88a.46.46 0 0 0 0-.61l-2.63-2.6a.49.49 0 0 0-.63 0l-2.94 2.27a11.49 11.49 0 0 0-2.55-1l-.46-3.67a.46.46 0 0 0-.45-.4h-3.73a.46.46 0 0 0-.46.4l-.45 3.67a10.66 10.66 0 0 0-2.56 1l-2.94-2.27a.47.47 0 0 0-.62 0L161.87 69a.46.46 0 0 0-.05.61l2.3 2.91a10.67 10.67 0 0 0-1.05 2.48l-3.71.45a.47.47 0 0 0-.41.45v1.9Z"
                          style="fill: #1a1718;"
                        />
                        <path
                          d="M168.25 77.8a5.13 5.13 0 1 1 10.26 0h9.3v-1.87a.45.45 0 0 0-.41-.45l-3.68-.48a10.47 10.47 0 0 0-1.05-2.53l2.33-2.88a.46.46 0 0 0 0-.61l-2.63-2.6a.49.49 0 0 0-.63 0l-2.94 2.27a11.49 11.49 0 0 0-2.55-1l-.46-3.67a.46.46 0 0 0-.45-.4h-3.73a.46.46 0 0 0-.46.4l-.45 3.67a10.66 10.66 0 0 0-2.56 1l-2.94-2.27a.47.47 0 0 0-.62 0L161.87 69a.46.46 0 0 0-.05.61l2.3 2.91a10.67 10.67 0 0 0-1.05 2.48l-3.71.45a.47.47 0 0 0-.41.45v1.9Z"
                          style="fill: #201c1d;"
                        />
                        <path
                          d="M184.7 83a1.91 1.91 0 0 0-1 .26l-2.37-2.31v-2.2h-1v2.34a.43.43 0 0 0 .14.33l2.52 2.46a1.88 1.88 0 0 0-.27.93 1.91 1.91 0 0 0 2.33 1.82 1.86 1.86 0 0 0-.35-3.63Z"
                          style="fill: url(#linear-gradient);"
                        />
                        <path
                          d="M166.2 81.42a.44.44 0 0 0 .15-.33v-2.34h-1v2.15L163 83.21a2.06 2.06 0 0 0-1-.26 1.86 1.86 0 0 0-.42 3.68 1.9 1.9 0 0 0 2.42-1.82 1.66 1.66 0 0 0-.27-.93Z"
                          style="fill: #04bfbf;"
                        />
                        <path
                          d="M166.2 81.42a.44.44 0 0 0 .15-.33v-2.34h-1v2.15L163 83.21a2.06 2.06 0 0 0-1-.26 1.86 1.86 0 0 0-.42 3.68 1.9 1.9 0 0 0 2.42-1.82 1.66 1.66 0 0 0-.27-.93Z"
                          style="fill: url(#linear-gradient-2);"
                        />
                        <path
                          d="m169.21 82.76-2.72 2.65a.43.43 0 0 0-.14.33v2a1.91 1.91 0 0 0-1.14 2.87 1.83 1.83 0 0 0 1.56.89 1.91 1.91 0 0 0 1.9-2.39 1.94 1.94 0 0 0-1.37-1.37v-1.81l2.7-2.64a.48.48 0 0 0 .15-.34v-4.2h-.95Z"
                          style="fill: url(#linear-gradient-3);"
                        />
                        <path
                          d="M180.42 87.72v-2a.44.44 0 0 0-.15-.33l-2.72-2.65v-4h-1V83a.48.48 0 0 0 .15.34l2.71 2.64v1.79a1.91 1.91 0 0 0-1.14 2.87 1.86 1.86 0 0 0 1.57.89 1.91 1.91 0 0 0 1.9-2.39 2 2 0 0 0-1.32-1.42Z"
                          style="fill: url(#linear-gradient-4);"
                        />
                        <path
                          d="M174 88.6v-9.85h-1v9.85a1.86 1.86 0 0 0 .41 3.67 1.88 1.88 0 0 0 1.92-2.33A2 2 0 0 0 174 88.6Z"
                          style="fill: url(#linear-gradient-5);"
                        />
                      </g>
                      <image
                        height="63"
                        style="mix-blend-mode: multiply; opacity: 0.75;"
                        transform="translate(184.23 49.77)"
                        width="116"
                        xlink:href="data:image/png;base64,iVBORw0KGgoAAAANSUhEUgAAAHQAAAA/CAYAAAAxBeyIAAAACXBIWXMAAAsSAAALEgHS3X78AAAM30lEQVR4Xu2bZ3Mb2RFFDwITGBR27S3//z9nl72rpUiRRBx/eO+ge4YIA4kraVHoqldIMy/07b4dhhw0TcNJjkeG+y44yd9LToAemZwAPTI5AXpkcgL0yOQE6JHJCdAjkxOgRyYnQI9MxvsuOMn3k/liMdj0/dl43LudNzi1/n6cJAAHdQzTe4AGWNXR9AH2IEC7FtRngb+jdBTdlQa+/uxpbsEb1fe+jol1l8ACmNf3y33r9gK0biIPKAdr6Gk53yJvQUXbZIOXQNtT8tqe+SCvgVc6HNUxBs7qyO+HlHXmwAvwBEzr59WuNffG0LSRbElQLGYFLOeLxZsotysdJahkqIqdLxYHKVXZYKBDYn7POO58L5ALktf02UNdL897BlzUcVlfz9MYUfQ7BT7TXl+j2ih7ASXAPCMWBJjVAWXxg5S6T7Yowaw8K/YQpUKANEpj3PluTDnnWf2sQheUM78Az/V1Tii6JclwpNJzCoBXwHV9nRCgOkaUtZ4pe1hS1tGIBtvOuhPQtKExZdEJZSMAXyhUoLcc7CnbpAOmVjyhHA7KAV/S6KtUFTum7RUClw3osv4m2AL6AjwSngMw756/c4bzut4EuKnjlqLLSf1tTBgPlLUaCuh5HzkEvJI+HjqkHHgCvAc+UCb9s/62ogbsbRN8pQwpB7kG3tVxSTnkklDqkGLJs6zUDpBdqrskPETv8Hrqtf4mBUJ4zWeCqdYx1dBT13bNizqXIN7V99cEkFDONKtr5GTopb5f0UP6AOrmzimgvqufVxSOfyYo4k08lPCkK8p6v9UxIZKFe+C/lP2ZpKzmiwW0gTRUSGfXFIXeEV5yQShxVufSk3MGatJyTtmHYWedhSYwzygGcUM5QwbzvM43pzBdnke20UmeKMY7pUdo6wtoBlUKmFIWcnM7qaCvJKo6o6x1B/xSxxUB3oW30LbsJWEQ0tyEiFd3dbynKFkj0eONjXqE4GgQxsHbev1jvUe28p6Les3HOm7qfUOCup+J9bqA6vnz9PuSPblCH0CbNCCo8Iqy6XX8mS8WO1PqntJlhDuKhV8TCYKihT8RsbQh9miYeEcAK/Xd1M/nhGLvgU91znldI8+VvdrY241tGuM1JTz9RgF0TNvjHuo6z0RJolFmfZsAaqzf7KFaipS0oCg8x5gxb+ShtAG9JNbImZ4xTQqdELTUEB5yQ1HqB8p+zTSp80wpZ3ug5ASfgN/rXBqHc80IsIzl0D63e3df7ynMclfvz0bzmXZ9aRmolzdEdr0e+xxmJ6A1wJuE5GA9IKwzZ2du4KukkxlmmoPwojlBp0Paqf8zRSE5Ccp1nfSV6fgc+KOO3ynAfqGcE8KzzgkvWpcQtD0qhwsTL2PmMwXA+7rGZ1KzgDaQr2QfkEpfDxXUnM2O0sgZ4rdKrtmMWVKVSjgn4p/AXNVrNDipakoBaJV+k0KhKPQzxUsfCfrOhqGBGV6c19idM9BuqWJYMpmb0o6ZS9jd/TlEDgFU6nXz1nUD3g5QLVzvMj5NCVp8IbJMDSrTv2n+jALkgAKUex9RPGdIAXVIZJkqeUWwkJn9L0RyA7FXARx1vvMco853o85oACoT7qXUfdIHUOjweP1u0BlvIZsAbYhi/oHonoyIbNPGwxXhXQuKt5n1CpJZ+YR2eWBmOUjr31BA/CcluflQv38h6tkrotSZE+wgvU+J2GoZM6vfZS+37HEfXwVuX0D/ctkQP7XuBcXTHuurHio13tAuTwQ0Z44Q3rmigCBVqrRc6gzqNe8pYP6rvt4QzDAlakP3rgEtKftw3859U3+TVXLJIjuYePZqaXblpwGUsGKTIWkUIgnxwCY5xnM9dZa+a2gnHQIx7swnVVr3mujdUmjWpsZHogFh8pcToDPaoD5RQsRFvdaY+r6+v6HdE3botWuADwH2pwA0eaceIpVdsNmLcnadY2KOU8bMRXoPEV/tcskGVwRQ55RS4wMFAMuUrGwojKC3jQkKN6N1vhlR954RtawNBkduNOQadUb12H2g/jBAO4+wNqX6t0RMzGXGsn5/S7TTPlKUmfujWrgxKmfra1qjAKKi55S9mAWbCX+hxG89aJGuE6AF0SzInZ1lvSc35O22WWfnmPtCZPQ5855SvHXnQ+7vDuiGprk0K21+pFDdr5TDWxPqOcZAHxS8q6/GqCFFORbvUipsztald70ZwtBMxjQM62BjrJ0jM2ybLNA2phnRIZoQoObs3M/G/1sKZVu3alDsAvW7AprAzLFSivWpyq/AP+prVtC4XtMQyvxQX20LUufbBGL3vR52TVnfRKZLfdKeo6GsdUfZk4A0naGByAjO9UgAmbNzX42vNkUuKechzZvDUEu+K6C0wbwing369OM94aEfCS82dr7QTmSkqmmdf07EL6+1k9OVXCuaKNnJkeoENrfnpOhLgroFO5cgqzQENe9PjzZfmBA95tv6my3LYZrDDHhjkvTdAO1QrTHKpONDGj4FyU0CFWaisKLs/YGinGeKQUyJ8iaD0KTnlPC6fl7VOR4oLUApznVNrIZEy9GkrKHswb2453VmWtcVWKnYjDsD+0j0fe+IhwkL4lzPtLP5lvxlgHaU52vOZK8J2vxIoVsPMaRs/g/gf5R4mBUmoNadAme54KG7teYmkRqfKTHXJr1PXPTwvPdMj655T1H6GlA9KHmStWWuXad1Xvft/Q0FdJNDqV12MoNuybcAmj1uPTrZa9cTVMqwfjbr1Gpz/fUZ+DflIfYfhLKmsG4SmPpDJFhdIHeB6foNQYX5cZxesClMSIVTyl4/E8wgIK+kgtsAJHBNnKyZR7Qz/lymDQl9vpJDAe2CaMPaojlfN0pDycnJC0UJ+R7LgAXFM/9TxyeKknMJMiLKDA8/ob3HbExdyclLA+tGQ7efm73yhhISfIIypxjaPfFwfA79mu2CW/u4rteNx/sYpiWHAJoVpbVcURR5W6+Z11fjgz3XAeGJeTzW61XaLZFpfiIea90THuMBnfeC8Cpr0Nw63GrNtD04lzL5jBqLda+tRhsIlhZ6ZysJS4wF7b1kkLKTZEeQVk2Gdma40B/QTJ0udkE0miH6o15jsJdereMsvv08oq2IBVHIW1QbE1W4kr1qVu8/S0N6VzG7JO/bzlCO9XdERyjHzT/ZEjtTBywDpWwCVJ1K6WdEXSpzqKeN5+kDaNfCBdanERBPIJa0kwczQq1Zis2b0+tcZ0ZRUH422VIUQKIpy4Ecf7KH7oo52VDHhDd6b/bM63rPjGJwJlD+5UGLajsPG855beAQoOT1b2ln+nPacV1P3Sh9AFUaAgCzNC32irKwG1SRw/q9daIAOEeOxYJvrWb99wrMKhlQQV0QYGZAt/3Lg5buHm7qPcv62bh8Wa8xccrdG+Nmi2oJr7MLdkMYS04Koe0E2UMHBKut23+wvVHfF1DBVNn3RBzzt0wDgms5YNvL/qSlh0DaNx3R7tJYb23avIAuaWfIo87IHtoFUoMYEA35W9pADOoaJnGfaP9N0HqPG5TsPBOi3raTBW1AZRbzgIZ4YmPZ9iYeKmCm5yPKISbE/U0aflZZU9rtNC1Nq7RTclbX+cLrAnqjNRJGMyWMRmUN0+hSrvcZx/VSae6s3rMimgb3lAQt18S7wNRD9Tz/aMwMeRP1aqCe54FIDs07toIJ/QFdEbGjoQC0qWfqawbUeOmr3muf1pJnRH+69Q/Y8hoqQINznYbXNKtXPxF/p2T5pVe7FxVqNmtLcE2zW+gvM0iO8wvKud1T1/ifiLPIaj7B2aoPpQ+gEAs+EwnOroQjH6Y7mnSvgJ7X+zzQPrpVMnt8IZrk7lGLzuzh9Q+Uvc+JToxKHRBPWj4R8VJ2MQHb99B5Va+VOhvKPLnj0zX+zGS+tybd+/+hewGtngCss1GTmWz1XWk6IytVKsrXLolk4xWdsV0yoP4hmBQqbeeY4170vqbeK0s8EA2STOOWJe6pT+Oguxb1vTFSHWbjN4F06NF919wPKLQ6GsaVbUB2pYFWL5NqHPkQKm7Gjn7oJkm0O69fOR9EkrSgbRR6QzYGmxGPhE5UrkCq2H1eCbwKCdBeKztENnrp2bU06F5rQk9AlTRpr8l3SFbmFwqtDQlA1+n5tgmSOBdEbPS9Ssr/leZv3jcnssxnwlhVrort5SFZOgbnWoM0lCaNVXrt/QfWSq9/yX9LSQX3OfEc0AbFUxozesQMILfXusnPVuve8DSomw9kBR+s2K5sWG+TvGK0Q+W7AwowXyxy3ZWTopwRL8/G450peleS0oDDFNO9Fw67/2eRHwWonmS2a+24kSZP0l9+CKDwdTR5kv3ywwBVvoUmT/JafjigJ3lbyQX+SY5AToAemZwAPTI5AXpkcgL0yOQE6JHJCdAjkxOgRyYnQI9M/g9k4tpZjRWunQAAAABJRU5ErkJggg=="
                      />
                      <text
                        style="font-size: 40.24px; font-family: InkFree,Ink Free; letter-spacing: .03em; fill: #fafbfb;"
                        transform="translate(188.22 89.98)"
                      >
                        LABS
                      </text>
                    </g>
                  </g>
                </svg>
              </a>
            </div>
            <div
              class="tabs"
            >
              <a
                class="tab"
                href="/home"
              >
                Home
              </a>
              <a
                class="tab"
                href="/blog"
              >
                Blog
              </a>
              <a
                class="tab"
                href="/support"
              >
                Support
              </a>
              <a
                class="tab"
                href="/expo"
              >
                Expo
              </a>
            </div>
          </header>
          <div
            class="page"
          >
            <div
              class="app-messages absolute w-screen top-6 flex flex-col place-items-center justify-center z-10"
            />
            <div
              data-reach-skip-nav-content=""
              id="reach-skip-nav"
            />
            <main
              class="main"
            >
              <div
                class="full"
              >
                <div
                  class="container mx-auto sm:px-6 lg:px-8"
                >
                  <div
                    class="wrapper"
                  >
                    <h2
                      class="appear appear-third show-on-mobile description"
                    />
                    <h1
                      class="appear appear-third hero"
                    >
                      Watheia
                      <br
                        class="show-on-desktop"
                      />
                       Gatekeeper
                    </h1>
                    <h2
                      class="appear appear-third show-on-tablet description"
                    />
                    <div
                      class="appear appear-fourth info"
                    >
                      <p>
                        guest
                      </p>
                      <div
                        class="description-separator"
                      />
                      <p
                        class="offline"
                      >
                        offline
                      </p>
                    </div>
                  </div>
                  <form
                    class="form appear appear-fifth"
                  >
                    <div
                      class="form-row"
                    >
                      <label
                        class="input-label"
                        for="email-input-field"
                      >
                        <input
                          aria-label="Your email address"
                          autocomplete="off"
                          class="input"
                          id="email-input-field"
                          placeholder="Enter email to get login url"
                          required=""
                          type="email"
                          value=""
                        />
                      </label>
                      <button
                        class="submit login default"
                        type="submit"
                      >
                        Login
                      </button>
                    </div>
                  </form>
                  <div
                    class="appear appear-fifth contact"
                  >
                    Learn more on
                     
                    <a
                      class="contact-email"
                      href="https://github.com/drkstr101/watheia"
                      rel="noopener noreferrer"
                      target="_blank"
                    >
                      GitHub
                    </a>
                    .
                  </div>
                </div>
              </div>
            </main>
            <footer
              class="footer border-t border-dotted border-gray-700"
            >
              <div
                class="footer-legal"
              >
                <div
                  class="footer-copyright"
                >
                  Copyright © 
                  2022 
                   
                  Watheia Labs, LLC
                  . All rights reserved.
                </div>
                <div
                  class="footer-center-group"
                >
                  <p
                    class="footer-paragraph"
                  >
                    <a
                      class="footer-link"
                      href="https://github.com/drkstr101/watheia"
                      rel="noopener noreferrer"
                      target="_blank"
                    >
                      Source Code
                    </a>
                  </p>
                  <div
                    class="footer-separator"
                  />
                  <p
                    class="footer-paragraph"
                  >
                    <a
                      class="footer-link"
                      href="#"
                      rel="noopener noreferrer"
                      target="_blank"
                    >
                      Legal
                    </a>
                  </p>
                </div>
              </div>
            </footer>
          </div>
        </div>
      </div>
      <link
        href="https://fonts.googleapis.com/icon?family=Material+Icons"
        rel="stylesheet"
      />
    </div>
  </div>
</div>
`;
